components/dashboard/sidebar/settings-modal.tsx(20,30): error TS2307: Cannot find module '@/utils/supabase/client' or its corresponding type declarations.
components/dashboard/sidebar/settings-modal.tsx(30,59): error TS2307: Cannot find module '@/components/icons' or its corresponding type declarations.
components/dashboard/sidebar/sidebar.tsx(23,30): error TS2307: Cannot find module '@/utils/supabase/client' or its corresponding type declarations.
